2026-04-17 14:29:45,561 - masks - DEBUG - Вызвана функция get_mask_card_number с номером: 7000792289606361
2026-04-17 14:29:45,561 - masks - INFO - Успешно замаскирован номер карты: 7000 79** **** 6361
2026-04-17 14:29:45,561 - masks - DEBUG - Вызвана функция get_mask_card_number с номером: 1234567890123456
2026-04-17 14:29:45,561 - masks - INFO - Успешно замаскирован номер карты: 1234 56** **** 3456
2026-04-17 14:29:45,561 - masks - DEBUG - Вызвана функция get_mask_card_number с номером: 0000000000000000
2026-04-17 14:29:45,561 - masks - INFO - Успешно замаскирован номер карты: 0000 00** **** 0000
2026-04-17 14:29:45,561 - masks - DEBUG - Вызвана функция get_mask_card_number с номером: 1234
2026-04-17 14:29:45,561 - masks - WARNING - Номер карты слишком короткий: 4 символов
2026-04-17 14:29:45,562 - masks - INFO - Успешно замаскирован номер карты: 1234 ** **** 1234
2026-04-17 14:29:45,562 - masks - DEBUG - Вызвана функция get_mask_account с номером: 73654108430135874305
2026-04-17 14:29:45,562 - masks - INFO - Успешно замаскирован номер счета: **4305
2026-04-17 14:29:45,562 - masks - DEBUG - Вызвана функция get_mask_account с номером: 12345678
2026-04-17 14:29:45,562 - masks - INFO - Успешно замаскирован номер счета: **5678
2026-04-17 14:29:45,562 - masks - DEBUG - Вызвана функция get_mask_account с номером: 0000
2026-04-17 14:29:45,562 - masks - INFO - Успешно замаскирован номер счета: **0000
2026-04-17 14:29:45,571 - masks - DEBUG - Вызвана функция get_mask_card_number с номером: 7000792289606361
2026-04-17 14:29:45,571 - masks - INFO - Успешно замаскирован номер карты: 7000 79** **** 6361
2026-04-17 14:29:45,571 - masks - DEBUG - Вызвана функция get_mask_account с номером: 73654108430135874305
2026-04-17 14:29:45,571 - masks - INFO - Успешно замаскирован номер счета: **4305
2026-04-17 14:29:45,571 - masks - DEBUG - Вызвана функция get_mask_card_number с номером: 1596837868705199
2026-04-17 14:29:45,571 - masks - INFO - Успешно замаскирован номер карты: 1596 83** **** 5199
